current directory: /home/runner/work/ransack_demo/ransack_demo/vendor/bundle/ruby/3.2.0/gems/io-console-0.8.0/ext/io/console
/usr/bin/ruby3.2 -I/usr/lib/ruby/vendor_ruby extconf.rb
checking for rb_syserr_fail_str(0, Qnil)... yes
checking for rb_interned_str_cstr()... yes
checking for rb_io_path()... no
checking for rb_io_descriptor()... yes
checking for rb_io_get_write_io()... yes
checking for rb_io_closed_p()... no
checking for rb_io_open_descriptor()... no
checking for rb_ractor_local_storage_value_newkey()... yes
checking for termios.h... yes
checking for cfmakeraw() in termios.h... yes
checking for sys/ioctl.h... yes
checking for HAVE_RUBY_FIBER_SCHEDULER_H... yes
checking for ttyname_r()... yes
creating Makefile

current directory: /home/runner/work/ransack_demo/ransack_demo/vendor/bundle/ruby/3.2.0/gems/io-console-0.8.0/ext/io/console
make DESTDIR\= sitearchdir\=./.gem.20250924-3503-x0fhzz sitelibdir\=./.gem.20250924-3503-x0fhzz clean

current directory: /home/runner/work/ransack_demo/ransack_demo/vendor/bundle/ruby/3.2.0/gems/io-console-0.8.0/ext/io/console
make DESTDIR\= sitearchdir\=./.gem.20250924-3503-x0fhzz sitelibdir\=./.gem.20250924-3503-x0fhzz
compiling console.c
linking shared-object io/console.so

current directory: /home/runner/work/ransack_demo/ransack_demo/vendor/bundle/ruby/3.2.0/gems/io-console-0.8.0/ext/io/console
make DESTDIR\= sitearchdir\=./.gem.20250924-3503-x0fhzz sitelibdir\=./.gem.20250924-3503-x0fhzz install
/usr/bin/install -c -m 0755 console.so ./.gem.20250924-3503-x0fhzz/io

current directory: /home/runner/work/ransack_demo/ransack_demo/vendor/bundle/ruby/3.2.0/gems/io-console-0.8.0/ext/io/console
make DESTDIR\= sitearchdir\=./.gem.20250924-3503-x0fhzz sitelibdir\=./.gem.20250924-3503-x0fhzz clean
